[debug] [2026-08-18T22:36:53.861Z] ----------------------------------------------------------------------
[debug] [2026-08-18T22:36:53.864Z] Command:       C:\Program Files\nodejs\node.exe C:\Users\pjlos\AppData\Roaming\npm\node_modules\firebase-tools\lib\bin\firebase.js deploy --only hosting
[debug] [2026-08-18T22:36:53.864Z] CLI Version:   15.23.0
[debug] [2026-08-18T22:36:53.864Z] Platform:      win32
[debug] [2026-08-18T22:36:53.865Z] Node Version:  v24.13.0
[debug] [2026-08-18T22:36:53.865Z] Detected Agent: antigravity
[debug] [2026-08-18T22:36:53.865Z] Time:          Tue Aug 18 2026 17:36:53 GMT-0500 (Central Daylight Time)
[debug] [2026-08-18T22:36:53.865Z] ----------------------------------------------------------------------
[debug] 
[debug] [2026-08-18T22:36:55.869Z] > command requires scopes: ["email","openid","https://www.googleapis.com/auth/cloudplatformprojects.readonly","https://www.googleapis.com/auth/firebase","https://www.googleapis.com/auth/cloud-platform"]
[debug] [2026-08-18T22:36:55.869Z] > authorizing via signed-in user (loseyp@gmail.com)
[debug] [2026-08-18T22:36:55.869Z] [iam] checking project saegroup-c6487 for permissions ["firebase.projects.get","firebasehosting.sites.update"]
[debug] [2026-08-18T22:36:55.881Z] Checked if tokens are valid: true, expires at: 1787096208047
[debug] [2026-08-18T22:36:55.881Z] Checked if tokens are valid: true, expires at: 1787096208047
[debug] [2026-08-18T22:36:55.882Z] >>> [apiv2][query] POST https://cloudresourcemanager.googleapis.com/v1/projects/saegroup-c6487:testIamPermissions [none]
[debug] [2026-08-18T22:36:55.882Z] >>> [apiv2][(partial)header] POST https://cloudresourcemanager.googleapis.com/v1/projects/saegroup-c6487:testIamPermissions  x-goog-user-project=saegroup-c6487
[debug] [2026-08-18T22:36:55.882Z] >>> [apiv2][body] POST https://cloudresourcemanager.googleapis.com/v1/projects/saegroup-c6487:testIamPermissions {"permissions":["firebase.projects.get","firebasehosting.sites.update"]}
[debug] [2026-08-18T22:36:56.088Z] <<< [apiv2][status] POST https://cloudresourcemanager.googleapis.com/v1/projects/saegroup-c6487:testIamPermissions 200
[debug] [2026-08-18T22:36:56.088Z] <<< [apiv2][body] POST https://cloudresourcemanager.googleapis.com/v1/projects/saegroup-c6487:testIamPermissions {"permissions":["firebase.projects.get","firebasehosting.sites.update"]}
[debug] [2026-08-18T22:36:56.088Z] Checked if tokens are valid: true, expires at: 1787096208047
[debug] [2026-08-18T22:36:56.089Z] Checked if tokens are valid: true, expires at: 1787096208047
[debug] [2026-08-18T22:36:56.089Z] >>> [apiv2][query] GET https://firebase.googleapis.com/v1beta1/projects/saegroup-c6487 [none]
[debug] [2026-08-18T22:36:56.453Z] <<< [apiv2][status] GET https://firebase.googleapis.com/v1beta1/projects/saegroup-c6487 200
[debug] [2026-08-18T22:36:56.453Z] <<< [apiv2][body] GET https://firebase.googleapis.com/v1beta1/projects/saegroup-c6487 {"projectId":"saegroup-c6487","projectNumber":"366321240977","displayName":"SAEGroup","name":"projects/saegroup-c6487","resources":{"hostingSite":"saegroup-c6487"},"state":"ACTIVE","labels":{"firebase":"enabled","firebase/storage-default-bucket":"created"},"etag":"1_50ad5fd8-87b3-4204-b244-42247e693cb3"}
[info] 
[info] === Deploying to 'saegroup-c6487'...
[info] 
[info] i  deploying hosting 
[debug] [2026-08-18T22:36:56.455Z] Checked if tokens are valid: true, expires at: 1787096208047
[debug] [2026-08-18T22:36:56.455Z] Checked if tokens are valid: true, expires at: 1787096208047
[debug] [2026-08-18T22:36:56.455Z] >>> [apiv2][query] GET https://firebasehosting.googleapis.com/v1beta1/projects/saegroup-c6487/sites/upftitersos [none]
